18:44:18.634 [main] INFO  testCases.TC0001_AccountLogin - ----------TC0001_AccountLogin Started------------
18:44:21.058 [main] INFO  testCases.TC0001_AccountLogin - ----------TC0001_AccountLogin Finished------------
19:47:09.798 [main] INFO  testCases.TC001_AccountLoginDDT - ----------TC0001_AccountLogin Started------------
19:47:13.430 [main] INFO  testCases.TC001_AccountLoginDDT - ----------TC0001_AccountLogin Finished------------
19:47:13.434 [main] INFO  testCases.TC001_AccountLoginDDT - ----------TC0001_AccountLogin Started------------
19:47:23.915 [main] INFO  testCases.TC001_AccountLoginDDT - ----------TC0001_AccountLogin Started------------
19:56:14.120 [main] INFO  testCases.TC001_AccountLoginDDT - ----------TC0001_AccountLogin Started------------
19:56:17.895 [main] INFO  testCases.TC001_AccountLoginDDT - ----------TC0001_AccountLogin Finished------------
19:56:17.903 [main] INFO  testCases.TC001_AccountLoginDDT - ----------TC0001_AccountLogin Started------------
19:56:29.347 [main] INFO  testCases.TC001_AccountLoginDDT - ----------TC0001_AccountLogin Started------------
19:57:42.371 [main] INFO  testCases.TC001_AccountLoginDDT - ----------TC0001_AccountLogin Started------------
19:57:45.783 [main] INFO  testCases.TC001_AccountLoginDDT - ----------TC0001_AccountLogin Finished------------
19:57:45.790 [main] INFO  testCases.TC001_AccountLoginDDT - ----------TC0001_AccountLogin Started------------
19:57:56.957 [main] INFO  testCases.TC001_AccountLoginDDT - ----------TC0001_AccountLogin Started------------
20:03:09.550 [main] INFO  testCases.TC001_AccountLoginDDT - ----------TC0001_AccountLogin Started------------
20:03:13.960 [main] INFO  testCases.TC001_AccountLoginDDT - ----------TC0001_AccountLogin Finished------------
20:03:13.971 [main] INFO  testCases.TC001_AccountLoginDDT - ----------TC0001_AccountLogin Started------------
20:03:25.584 [main] INFO  testCases.TC001_AccountLoginDDT - ----------TC0001_AccountLogin Started------------
20:12:26.541 [main] INFO  testCases.TC001_AccountLoginDDT - ----------TC0001_AccountLogin Started------------
20:12:30.596 [main] INFO  testCases.TC001_AccountLoginDDT - ----------TC0001_AccountLogin Finished------------
20:12:30.604 [main] INFO  testCases.TC001_AccountLoginDDT - ----------TC0001_AccountLogin Started------------
20:12:42.200 [main] INFO  testCases.TC001_AccountLoginDDT - ----------TC0001_AccountLogin Started------------
20:16:36.840 [main] INFO  testCases.TC001_AccountLoginDDT - ----------TC0001_AccountLogin Started------------
20:16:40.866 [main] INFO  testCases.TC001_AccountLoginDDT - ----------TC0001_AccountLogin Finished------------
20:16:40.878 [main] INFO  testCases.TC001_AccountLoginDDT - ----------TC0001_AccountLogin Started------------
20:16:52.819 [main] INFO  testCases.TC001_AccountLoginDDT - ----------TC0001_AccountLogin Finished------------
20:16:52.832 [main] INFO  testCases.TC001_AccountLoginDDT - ----------TC0001_AccountLogin Started------------
20:17:04.420 [main] INFO  testCases.TC001_AccountLoginDDT - ----------TC0001_AccountLogin Finished------------
20:21:54.805 [main] INFO  testCases.TC001_AccountLoginDDT - ----------TC0001_AccountLogin Started------------
20:21:59.251 [main] INFO  testCases.TC001_AccountLoginDDT - ----------TC0001_AccountLogin Finished------------
20:21:59.257 [main] INFO  testCases.TC001_AccountLoginDDT - ----------TC0001_AccountLogin Started------------
20:22:11.437 [main] INFO  testCases.TC001_AccountLoginDDT - ----------TC0001_AccountLogin Finished------------
20:22:11.445 [main] INFO  testCases.TC001_AccountLoginDDT - ----------TC0001_AccountLogin Started------------
20:22:23.207 [main] INFO  testCases.TC001_AccountLoginDDT - ----------TC0001_AccountLogin Finished------------
20:43:36.258 [main] INFO  testCases.TC0001_AccountRegistration - ------ TC0001_AccountRegistration Started -------
20:43:40.888 [main] INFO  testCases.TC0001_AccountRegistration - ------ TC0001_AccountRegistration Finished -------
20:59:47.523 [main] INFO  testCases.TC0001_AccountRegistration - ------ TC0001_AccountRegistration Started -------
20:59:52.614 [main] INFO  testCases.TC0001_AccountRegistration - ------ TC0001_AccountRegistration Finished -------
21:10:18.618 [main] INFO  testCases.TC0001_AccountRegistration - ------ TC0001_AccountRegistration Started -------
21:10:23.151 [main] INFO  testCases.TC0001_AccountRegistration - ------ TC0001_AccountRegistration Finished -------
21:11:24.639 [main] INFO  testCases.TC0001_AccountLogin - ----------TC0001_AccountLogin Started------------
21:11:27.698 [main] INFO  testCases.TC0001_AccountLogin - ----------TC0001_AccountLogin Finished------------
21:12:23.115 [main] INFO  testCases.TC0001_AccountLogin - ----------TC0001_AccountLogin Started------------
21:12:25.457 [main] INFO  testCases.TC0001_AccountLogin - ----------TC0001_AccountLogin Finished------------
21:12:34.609 [main] INFO  testCases.TC001_AccountLoginDDT - ----------TC0001_AccountLogin Started------------
21:12:37.397 [main] INFO  testCases.TC001_AccountLoginDDT - ----------TC0001_AccountLogin Finished------------
21:12:37.407 [main] INFO  testCases.TC001_AccountLoginDDT - ----------TC0001_AccountLogin Started------------
21:12:48.675 [main] INFO  testCases.TC001_AccountLoginDDT - ----------TC0001_AccountLogin Finished------------
21:12:48.703 [main] INFO  testCases.TC001_AccountLoginDDT - ----------TC0001_AccountLogin Started------------
21:13:00.577 [main] INFO  testCases.TC001_AccountLoginDDT - ----------TC0001_AccountLogin Finished------------
21:28:26.299 [main] INFO  testCases.TC0001_AccountRegistration - ------ TC0001_AccountRegistration Started -------
21:41:12.227 [main] INFO  testCases.TC0001_AccountRegistration - ------ TC0001_AccountRegistration Started -------
21:41:16.858 [main] INFO  testCases.TC0001_AccountRegistration - ------ TC0001_AccountRegistration Finished -------
22:03:28.612 [main] INFO  testCases.TC0001_AccountRegistration - ------ TC0001_AccountRegistration Started -------
22:03:33.687 [main] INFO  testCases.TC0001_AccountRegistration - ------ TC0001_AccountRegistration Finished -------
